render pod annotations:
  1: |
    checksum/config: cfc49ddca1f6d926d717ee6b879fdf99b206ba760c1dcb4fcd439e0f7c138d7a
    fixed-annotation: some-fixed-annotation
    templated-annotations: my-release
